app/admin/bookings/page.tsx(16,19): error TS2345: Argument of type '{ id: string; email: string; createdAt: Date; updatedAt: Date; clientName: string; phone: string; eventType: string; eventDate: string; location: string; hours: number; status: string; ... 5 more ...; userId: number | null; }[]' is not assignable to parameter of type 'SetStateAction<Booking[]>'.
  Type '{ id: string; email: string; createdAt: Date; updatedAt: Date; clientName: string; phone: string; eventType: string; eventDate: string; location: string; hours: number; status: string; ... 5 more ...; userId: number | null; }[]' is not assignable to type 'Booking[]'.
    Type '{ id: string; email: string; createdAt: Date; updatedAt: Date; clientName: string; phone: string; eventType: string; eventDate: string; location: string; hours: number; status: string; ... 5 more ...; userId: number | null; }' is not assignable to type 'Booking'.
      Types of property 'status' are incompatible.
        Type 'string' is not assignable to type '"Pending" | "Confirmed" | "Completed" | "Rejected"'.
app/admin/bookings/page.tsx(29,19): error TS2345: Argument of type '{ id: string; email: string; createdAt: Date; updatedAt: Date; clientName: string; phone: string; eventType: string; eventDate: string; location: string; hours: number; status: string; ... 5 more ...; userId: number | null; }[]' is not assignable to parameter of type 'SetStateAction<Booking[]>'.
  Type '{ id: string; email: string; createdAt: Date; updatedAt: Date; clientName: string; phone: string; eventType: string; eventDate: string; location: string; hours: number; status: string; ... 5 more ...; userId: number | null; }[]' is not assignable to type 'Booking[]'.
    Type '{ id: string; email: string; createdAt: Date; updatedAt: Date; clientName: string; phone: string; eventType: string; eventDate: string; location: string; hours: number; status: string; ... 5 more ...; userId: number | null; }' is not assignable to type 'Booking'.
      Types of property 'status' are incompatible.
        Type 'string' is not assignable to type '"Pending" | "Confirmed" | "Completed" | "Rejected"'.
app/client/page.tsx(27,23): error TS2345: Argument of type '{ id: string; email: string; createdAt: Date; updatedAt: Date; clientName: string; phone: string; eventType: string; eventDate: string; location: string; hours: number; status: string; ... 5 more ...; userId: number | null; }[]' is not assignable to parameter of type 'SetStateAction<Booking[]>'.
  Type '{ id: string; email: string; createdAt: Date; updatedAt: Date; clientName: string; phone: string; eventType: string; eventDate: string; location: string; hours: number; status: string; ... 5 more ...; userId: number | null; }[]' is not assignable to type 'Booking[]'.
    Type '{ id: string; email: string; createdAt: Date; updatedAt: Date; clientName: string; phone: string; eventType: string; eventDate: string; location: string; hours: number; status: string; ... 5 more ...; userId: number | null; }' is not assignable to type 'Booking'.
      Types of property 'status' are incompatible.
        Type 'string' is not assignable to type '"Pending" | "Confirmed" | "Completed" | "Rejected"'.
